1:			:	**********************************
2:			:	*PROGRAMA DE EJEMPLO
3:			:	**********************************
4: 	1026		:	PACTL  EQU   $1026
5: 	1027		:	PACNT  EQU   $1027
6: 	1030		:	ADCTL  EQU   $1030
7: 	1031		:	ADR1   EQU   $1031
8: 	1032		:	ADR2   EQU   $1032
9: 	1033		:	ADR3   EQU   $1033
10: 	1034		:	ADR4   EQU   $1034
11: 	1039		:	OPTION EQU   $1039
12:
13: 	1000		:	PORTA  EQU   $1000
14: 	1008		:	PORTD  EQU   $1008
15: 	100A		:	PORTE  EQU   $100A
16: 	1002		:	PORTG  EQU   $1002
17:
18: 	1001		:	DDRA   EQU   $1001
19: 	1009		:	DDRD   EQU   $1009
20: 	1003		:	DDRG   EQU   $1003
21:
22: 	1024		:	TMSK2  EQU   $1024
23: 	1025		:	TFLG2  EQU   $1025
24:
25: 	102F		:	SCDR   EQU   $102F
26: 	102D		:	SCCR2  EQU   $102D
27: 	102E		:	SCSR   EQU   $102E
28: 	102C		:	SCCR1  EQU   $102C
29: 	102B		:	BAUD   EQU   $102B
30: 	103C		:	HPRIO  EQU   $103C
31: 	1028		:	SPCR   EQU   $1028
32: 	105D		:	CSCTL  EQU   $105D
33: 	1038		:	OPT2   EQU   $1038
34:
35:			:	* VARIABLES *********************
36:
37: 	000C		:	ORDEN  EQU   $000C
38: 	000D		:	SEG    EQU   $000D
39: 	000E		:	U1     EQU   $000E
40: 	000F		:	U2     EQU   $000F
41: 	0010		:	U3     EQU   $0010
42: 	0011		:	U4     EQU   $0011
43: 	0012		:	U5     EQU   $0012
44: 	0013		:	V1     EQU   $0013
45: 	0014		:	V2     EQU   $0014
46: 	0015		:	BAS_H  EQU   $0015
47: 	0016		:	BAS_L  EQU   $0016
48: 	0017		:	V5     EQU   $0017
49: 	0018		:	TEMPO  EQU   $0018
50: 	0019		:	ALTO   EQU   $0019
51: 	001A		:	BAJO   EQU   $001A
52: 	001B		:	BASE_H EQU   $001B
53: 	001C		:	BASE_L EQU   $001C
54: 	001D		:	V3     EQU   $001D
55: 	001E		:	V4     EQU   $001E
56:
57:			:	**********************************
58:			:	*CONFIGURA REGISTROS
59:			:	**********************************
60: 	 (8000)		:	       ORG   $8000   * DIR DE INICIO
61: 8000 (8E00FF)	:	       LDS   #$00FF  * APUNTADOR DE STAK
62:
63:
64: 8003 (8600)    	:	       LDAA  #$00    * CONFIG TODO EL PUERTO  A COMO ENTRADAS
65: 8005 (B71001)	:	       STAA  DDRA    * EL PUERTO A
66:
67: 8008 (86FF)    	:	       LDAA  #$FF    * CONFIG TODO EL PUERTO  G COMO SALIDAS
68: 800A (B71003)	:	       STAA  DDRG    * EL PUERTO G 
69:
70: 800D (8600)    	:	       LDAA  #$00    * SE PONE PUERTO G EN CEROS
71: 800F (B71002)	:	       STAA  PORTG
72:
73: 8012 (CC302C)	:	       LDD   #$302C  * CONFIGURA PUERTO SERIAL
74: 8015 (B7102B)	:	       STAA  BAUD    * BAUD  9600  para cristal de 8MHz
75: 8018 (F7102D)	:	       STAB  SCCR2   * HABILITA  RX Y TX PERO INTERRUPCN SOLO RX
76: 801B (8600)    	:	       LDAA  #$00
77: 801D (B7102C)	:	       STAA  SCCR1   * 8 BITS
78:
79: 8020 (86FE)    	:	       LDAA  #$FE    * CONFIG PUERTO D COMO SALIDAS (EXCEPTO PD0)
80: 8022 (B71009)	:	       STAA  DDRD    * SEA  ENABLE DEL DISPLAY  PD4  Y RS PD3
81:
82:
83: 8025 (8604)    	:	       LDAA  #$04
84: 8027 (B7103C)	:	       STAA  HPRIO
85:
86: 802A (8600)    	:	       LDAA  #$00
87: 802C (06)		:	       TAP
88:
89:
90:
91:
92:
93:
94:
95:			:	**********************************
96:			:	*PROGRAMA PRINCIPAL
97:			:	**********************************
98: 802D		:	MAIN  
99: 802D (BD80C6)	:	        JSR    INICIA
100:
101: 8030 (7F0011)	:	INICIO  CLR    U4
102: 8033 (7F0010)	:	NO_S1   CLR    U3
103: 8036 (7F000F)	:	NO_S    CLR    U2
104: 8039 (7F000E)	:	        CLR    U1 
105:
106:
107:
108:
109: 803C		:	OTRO    
110: 803C (863F)	:	        LDAA    #'?
111: 803E (970C)    	:	        STAA    ORDEN
112:
113: 8040		:	CICLO
114: 8040 (960C)    	:	        LDAA    ORDEN
115: 8042 (813F)	:	        CMPA    #'?
116: 8044 (27FA)	:	        BEQ     CICLO
117: 8046 (D60E)    	:	        LDAB    U1
118: 8048 (2609)	:	        BNE     CHECA_U2
119: 804A (8173)	:	        CMPA    #'s
120: 804C (26EE)	:	        BNE     OTRO
121: 804E (970E)    	:	        STAA    U1
122: 8050 (7E803C)	:	        JMP     OTRO
123:
124:
125: 8053		:	CHECA_U2
126:
127: 8053 (D60F)    	:	        LDAB    U2
128: 8055 (2613)	:	        BNE     CHECA_U3
129: 8057 (8154)	:	        CMPA    #'T
130: 8059 (270A)	:	        BEQ     ES_T
131: 805B (8153)	:	        CMPA    #'S
132: 805D (27DD)	:	        BEQ     OTRO
133: 805F (7F000E)	:	        CLR     U1
134: 8062 (7E803C)	:	        JMP     OTRO
135: 8065 (970F)    	:	ES_T    STAA    U2
136: 8067 (7E803C)	:	        JMP     OTRO
137:
138: 806A		:	CHECA_U3
139:
140: 806A (D610)    	:	        LDAB    U3
141: 806C (2613)	:	        BNE     CHECA_U4
142: 806E (8141)	:	        CMPA    #'A
143: 8070 (270A)	:	        BEQ     ES_A
144: 8072 (8153)	:	        CMPA    #'S
145: 8074 (26C0)	:	        BNE     NO_S
146: 8076 (7F000F)	:	        CLR     U2
147: 8079 (7E803C)	:	        JMP     OTRO
148:
149: 807C		:	ES_A
150:
151: 807C (9710)    	:	        STAA    U3
152: 807E (7E803C)	:	        JMP     OTRO
153:
154: 8081		:	CHECA_U4
155:
156: 8081 (D611)    	:	        LDAB    U4
157: 8083 (2616)	:	        BNE     CHECA_T
158: 8085 (8152)	:	        CMPA    #'R
159: 8087 (270D)	:	        BEQ     ES_R
160: 8089 (8153)	:	        CMPA    #'S
161: 808B (26A6)	:	        BNE     NO_S1
162: 808D (7F0010)	:	        CLR     U3
163: 8090 (7F000F)	:	        CLR     U2
164: 8093 (7E803C)	:	        JMP     OTRO
165:
166: 8096		:	ES_R
167:
168: 8096 (9711)    	:	        STAA    U4
169: 8098 (7E803C)	:	        JMP     OTRO
170:
171: 809B		:	CHECA_T
172:
173: 809B (8154)	:	        CMPA    #'T
174: 809D (2710)	:	        BEQ     EXITO
175: 809F (8153)	:	        CMPA    #'S
176: 80A1 (268D)	:	        BNE     INICIO
177: 80A3 (7F0011)	:	        CLR     U4
178: 80A6 (7F0010)	:	        CLR     U3
179: 80A9 (7F000F)	:	        CLR     U2
180: 80AC (7E803C)	:	        JMP     OTRO
181:
182: 80AF		:	EXITO
183: 80AF (8645)	:	        LDAA  #'E
184: 80B1 (9719)    	:	        STAA  ALTO
185: 80B3 (8658)	:	        LDAA  #'X
186: 80B5 (971A)    	:	        STAA  BAJO
187: 80B7 (8649)	:	        LDAA  #'I
188: 80B9 (971B)    	:	        STAA  BASE_H
189: 80BB (8654)	:	        LDAA  #'T
190: 80BD (971C)    	:	        STAA  BASE_L
191: 80BF (864F)	:	        LDAA  #'O
192: 80C1 (971D)    	:	        STAA  V3
193:
194: 80C3 (7E802D)	:	        JMP MAIN       
195:
196:
197:			:	***********************************
198:			:	* INICIA
199:			:	***********************************
200: 80C6		:	INICIA
201:
202: 80C6 (7F000D)	:	      CLR  SEG
203:
204: 80C9 (7F1002)	:	      CLR  PORTG
205: 80CC (86F4)    	:	      LDAA #$F4         
206: 80CE (9718)    	:	      STAA TEMPO         * TEMPO ES VARIABLE PARA CONTAR 244 CICLOS
207:
208: 80D0 (CE1024)	:	      LDX #TMSK2
209: 80D3 (1C0040)	:	      BSET $00,X,#$40    * HABILITA INTERRUPCION TIMER T-REAL
210: 80D6 (0E)		:	      CLI
211:
212: 80D7 (CE1026)	:	      LDX #PACTL
213: 80DA (1C0050)	:	      BSET $00,X,#$50    * HABILITA PAEN -ACUMULADOR PULSOS ALTOS-
214: 80DD (7F1027)	:	      CLR PACNT          * BORRA ACUMULADOR DE PULSOS
215:
216: 80E0 (8610)    	:	      LDAA #$10
217: 80E2 (971B)    	:	      STAA BASE_H        * PONE UN #1060 COMO DIRECCION BASE INICIAL
218: 80E4 (8660)    	:	      LDAA #$60
219: 80E6 (971C)    	:	      STAA BASE_L    
220:
221: 80E8 (18CE1060)	:	      LDY  #$1060      
222:
223: 80EC (8616)    	:	      LDAA #$16
224: 80EE (9715)    	:	      STAA BAS_H        * PONE UN #1653 NUMERO TOTAL DE JUEGO DE MUESTRAS
225: 80F0 (8653)    	:	      LDAA #$53
226: 80F2 (9716)    	:	      STAA BAS_L   
227:
228:
229: 80F4 (7F0019)	:	      CLR  ALTO          * INICIA INDICE MUESTRA EN 0
230: 80F7 (7F001A)	:	      CLR  BAJO
231:
232: 80FA (39)		:	       RTS
233:			:	***********************************
234:			:	* SACA
235:			:	***********************************
236: 80FB		:	SACA
237:
238:
239: 80FB (9619)    	:	       LDAA  ALTO         * INDICE DE MUESTRA (SEGUNDO)
240: 80FD (D61A)    	:	       LDAB  BAJO
241: 80FF (188F)	:	       XGDY
242: 8101 (1808)	:	       INY
243: 8103 (188F)	:	       XGDY
244: 8105 (BD8241)	:	       JSR   BINBCD
245: 8108 (BD8176)	:	       JSR   DISPLAY
246: 810B (BD8166)	:	       JSR   COMA
247:
248: 810E (961B)    	:	       LDAA  BASE_H       * INDICE DE MUESTRA (PARTICULAR)
249: 8110 (D61C)    	:	       LDAB  BASE_L
250: 8112 (188F)	:	       XGDY
251:
252: 8114 (1808)	:	       INY
253: 8116 (4F)		:	       CLRA
254: 8117 (18E600)	:	       LDAB  $00,Y  
255: 811A (BD8251)	:	       JSR   BNBCD
256: 811D (BD8195)	:	       JSR   DSPLY
257: 8120 (BD8166)	:	       JSR   COMA
258:
259: 8123 (1808)	:	       INY
260: 8125 (4F)		:	       CLRA
261: 8126 (18E600)	:	       LDAB  $00,Y
262: 8129 (BD8251)	:	       JSR   BNBCD
263: 812C (BD8195)	:	       JSR   DSPLY
264: 812F (BD8166)	:	       JSR   COMA
265:
266: 8132 (1808)	:	       INY
267: 8134 (4F)		:	       CLRA
268: 8135 (18E600)	:	       LDAB  $00,Y
269: 8138 (BD8251)	:	       JSR   BNBCD
270: 813B (BD8195)	:	       JSR   DSPLY
271: 813E (BD8166)	:	       JSR   COMA
272:
273: 8141 (1808)	:	       INY
274: 8143 (4F)		:	       CLRA
275: 8144 (18E600)	:	       LDAB  $00,Y
276: 8147 (BD8251)	:	       JSR   BNBCD
277: 814A (BD8195)	:	       JSR   DSPLY
278: 814D (BD8166)	:	       JSR   COMA
279:
280: 8150 (1808)	:	       INY
281: 8152 (4F)		:	       CLRA 
282: 8153 (18E600)	:	       LDAB  $00,Y
283: 8156 (BD8251)	:	       JSR   BNBCD
284: 8159 (BD8195)	:	       JSR   DSPLY
285:
286: 815C (188F)	:	       XGDY
287: 815E (971B)    	:	       STAA BASE_H
288: 8160 (D71C)    	:	       STAB BASE_L
289:
290: 8162 (BD81C3)	:	       JSR   CRYTRN
291:
292: 8165 (39)		:	       RTS
293:			:	***********************************
294:			:	* COMA
295:			:	***********************************
296: 8166		:	COMA
297: 8166 (CE102E)	:	       LDX   #SCSR 
298:
299: 8169 (B6102E)	:	       LDAA  SCSR
300: 816C (862C)    	:	       LDAA  #$2C             * COMA
301: 816E (B7102F)	:	       STAA  SCDR
302: 8171		:	C1
303: 8171 (1F0080FC)	:	       BRCLR $00,X,#$80 C1 
304: 8175 (39)		:	       RTS
305:			:	***********************************
306:			:	* DESPLIEGA
307:			:	***********************************
308: 8176		:	DISPLAY
309:
310: 8176 (CE102E)	:	       LDX   #SCSR 
311:
312: 8179 (B6102E)	:	       LDAA  SCSR
313: 817C (960E)    	:	       LDAA  U1             * U1
314: 817E (8B30)    	:	       ADDA  #$30
315: 8180 (B7102F)	:	       STAA  SCDR
316: 8183		:	T1
317: 8183 (1F0080FC)	:	       BRCLR $00,X,#$80 T1 
318:
319: 8187 (B6102E)	:	       LDAA  SCSR
320: 818A (960F)    	:	       LDAA  U2             * U2
321: 818C (8B30)    	:	       ADDA  #$30
322: 818E (B7102F)	:	       STAA  SCDR
323: 8191		:	T2
324: 8191 (1F0080FC)	:	       BRCLR $00,X,#$80 T2 
325:
326: 8195		:	DSPLY  
327: 8195 (CE102E)	:	       LDX   #SCSR
328:
329: 8198 (B6102E)	:	       LDAA SCSR
330: 819B (9610)    	:	       LDAA  U3             * U3
331: 819D (8B30)    	:	       ADDA  #$30
332: 819F (B7102F)	:	       STAA  SCDR
333: 81A2		:	T3
334: 81A2 (1F0080FC)	:	       BRCLR $00,X,#$80 T3 
335:
336: 81A6 (B6102E)	:	       LDAA SCSR 
337: 81A9 (9611)    	:	       LDAA  U4             * U4
338: 81AB (8B30)    	:	       ADDA  #$30
339: 81AD (B7102F)	:	       STAA  SCDR
340: 81B0		:	T4
341: 81B0 (1F0080FC)	:	       BRCLR $00,X,#$80 T4 
342:
343: 81B4 (B6102E)	:	       LDAA SCSR
344: 81B7 (9612)    	:	       LDAA  U5             * U5
345: 81B9 (8B30)    	:	       ADDA  #$30
346: 81BB (B7102F)	:	       STAA  SCDR
347: 81BE		:	T5
348: 81BE (1F0080FC)	:	       BRCLR $00,X,#$80 T5  
349:
350: 81C2 (39)		:	       RTS
351:
352:			:	***********************************
353:			:	* CARRY RETURN
354:			:	***********************************
355:
356: 81C3		:	CRYTRN
357: 81C3 (CE102E)	:	       LDX   #SCSR 
358: 81C6 (B6102E)	:	       LDAA  SCSR
359: 81C9 (860A)    	:	       LDAA  #$0A             * NEW LINE     
360: 81CB (B7102F)	:	       STAA  SCDR
361: 81CE		:	CR1
362: 81CE (1F0080FC)	:	       BRCLR $00,X,#$80 CR1        
363:
364: 81D2 (B6102E)	:	       LDAA SCSR
365: 81D5 (860D)    	:	       LDAA #$0D              * CARRY RETURN     
366: 81D7 (B7102F)	:	       STAA SCDR
367: 81DA		:	CR2
368: 81DA (1F0080FC)	:	       BRCLR $00,X,#$80 CR2        
369:
370: 81DE (39)		:	       RTS
371:			:	***********************************
372:			:	*  DESPLIEGUE DE DATO RECIBIDO
373:			:	***********************************
374:
375: 81DF		:	DATARX
376: 81DF (CE102E)	:	       LDX   #SCSR 
377: 81E2 (B6102E)	:	       LDAA  SCSR
378: 81E5 (960C)    	:	       LDAA  ORDEN             * NEW LINE     
379: 81E7 (B7102F)	:	       STAA  SCDR
380: 81EA		:	DT1
381: 81EA (1F0080FC)	:	       BRCLR $00,X,#$80 DT1        
382:
383: 81EE (B6102E)	:	       LDAA SCSR 
384: 81F1 (863A)    	:	       LDAA #$3A              * DOS PUNTOS    
385: 81F3 (B7102F)	:	       STAA SCDR
386: 81F6		:	DT2
387: 81F6 (1F0080FC)	:	       BRCLR $00,X,#$80 DT2        
388:
389: 81FA (39)		:	       RTS
390:			:	***********************************
391:			:	* voltimetro
392:			:	***********************************
393: 81FB		:	VOLTA
394: 81FB (CE1030)	:	      LDX #ADCTL      
395:
396: 81FE (8680)    	:	      LDAA #$80
397: 8200 (B71039)	:	      STAA OPTION        * PONE EN MARCHA EL ADC
398:
399: 8203 (8610)    	:	      LDAA #$10
400: 8205 (B71030)	:	      STAA ADCTL         * ENTRADA MULTIPLE SELECCIONA CANAL 0
401:
402: 8208		:	E1
403: 8208 (1F0080FC)	:	      BRCLR $00,X,#$80 E1  
404: 820C (F61031)	:	      LDAB ADR1
405: 820F (D713)    	:	      STAB V1
406:
407: 8211 (8680)    	:	      LDAA #$80
408: 8213 (B71039)	:	      STAA OPTION        * PONE EN MARCHA EL ADC
409:
410: 8216 (8611)    	:	      LDAA #$11
411: 8218 (B71030)	:	      STAA ADCTL         * ENTRADA MULTIPLE SELECCIONA CANAL 1
412:
413: 821B		:	E2
414: 821B (1F0080FC)	:	      BRCLR $00,X,#$80 E2  
415: 821F (F61032)	:	      LDAB ADR2
416: 8222 (D714)    	:	      STAB V2
417:
418: 8224 (8612)    	:	      LDAA #$12
419: 8226 (B71030)	:	      STAA ADCTL         * ENTRADA MULTIPLE SELECCIONA CANAL 2
420:
421: 8229		:	E3
422: 8229 (1F0080FC)	:	      BRCLR $00,X,#$80 E3  
423: 822D (F61033)	:	      LDAB ADR3
424: 8230 (D71D)    	:	      STAB V3 
425:
426: 8232 (8613)    	:	      LDAA #$13
427: 8234 (B71030)	:	      STAA ADCTL         * ENTRADA MULTIPLE SELECCIONA CANAL 3
428:
429: 8237		:	E4
430: 8237 (1F0080FC)	:	      BRCLR $00,X,#$80 E4  
431: 823B (F61034)	:	      LDAB ADR4
432: 823E (D71E)    	:	      STAB V4
433:
434:
435: 8240 (39)		:	      RTS
436:			:	***********************************
437:			:	* CONVIERTE A BCD
438:			:	***********************************
439:
440: 8241		:	BINBCD
441:
442: 8241 (CE2710)	:	      LDX  #$2710
443: 8244 (02)		:	      IDIV 
444: 8245 (8F)		:	      XGDX
445: 8246 (D70E)    	:	      STAB U1
446: 8248 (8F)		:	      XGDX
447: 8249 (CE03E8)	:	      LDX  #$3E8
448: 824C (02)		:	      IDIV
449: 824D (8F)		:	      XGDX
450: 824E (D70F)    	:	      STAB U2
451: 8250 (8F)		:	      XGDX
452:
453: 8251		:	BNBCD
454: 8251 (CE0064)	:	      LDX  #$64
455: 8254 (02)		:	      IDIV
456: 8255 (8F)		:	      XGDX
457: 8256 (D710)    	:	      STAB U3
458: 8258 (8F)		:	      XGDX
459: 8259 (CE000A)	:	      LDX  #$A
460: 825C (02)		:	      IDIV
461: 825D (8F)		:	      XGDX
462: 825E (D711)    	:	      STAB U4
463: 8260 (8F)		:	      XGDX
464: 8261 (D712)    	:	      STAB U5
465:
466:
467:
468: 8263 (39)		:	      RTS
469:
470:
471:
472:			:	***********************************
473:			:	* ATENCION A INTERRUPCION SERIAL
474:			:	***********************************
475: 	 (F100)		:	       ORG  $F100
476:
477: F100 (36)		:	       PSHA
478:
479: F101 (B6102E)	:	       LDAA SCSR
480: F104 (B6102F)	:	       LDAA SCDR
481: F107 (970C)    	:	       STAA ORDEN
482:
483: F109 (32)		:	       PULA  
484:
485: F10A (3B)		:	       RTI
486:
487:			:	***********************************
488:			:	* ATENCION A INTERRUPCION REAL TIME
489:			:	***********************************
490: 	 (F110)		:	      ORG  $F110
491:
492: F110 (36)		:	      PSHA
493: F111 (3C)		:	      PSHX
494:
495: F112 (CE1025)	:	      LDX #TFLG2
496: F115 (1C0040)	:	      BSET $00,X,#$40    * BORRA BANDERA INTERRUPCION
497: F118 (7A0018)	:	      DEC TEMPO
498: F11B (2703)	:	      BEQ SEGUNDO
499:
500: F11D (32)		:	      PULA
501: F11E (38)		:	      PULX
502: F11F (3B)		:	      RTI
503:
504: F120		:	SEGUNDO
505: F120 (86FF)    	:	      LDAA #$FF
506: F122 (970D)    	:	      STAA SEG           * SEG ES UNA BANDERA DE SEGUNDO    
507: F124 (86F4)    	:	      LDAA #$F4         
508: F126 (9718)    	:	      STAA TEMPO         * TEMPO ES VARIABLE PARA CONTAR 244 CICLOS
509: F128 (7C1002)	:	      INC  PORTG
510:
511: F12B (32)		:	      PULA
512: F12C (38)		:	      PULX
513: F12D (3B)		:	      RTI
514:			:	***********************************
515:			:	* VECTOR INTERRUPCION SERIAL
516:			:	***********************************
517: 	 (FFD6)		:	       ORG   $FFD6
518: FFD6 (F100)	:	       FCB   $F1,$00       
519:
520:			:	***********************************
521:			:	* VECTOR INTERRUPCION REAL TIME
522:			:	***********************************
523: 	 (FFF0)		:	       ORG   $FFF0
524: FFF0 (F110)	:	       FCB   $F1,$10       
525:
526:			:	***********************************
527:			:	*RESET
528:			:	***********************************
529: 	 (FFFE)		:	       ORG    $FFFE
530: FFFE (8000)	:	RESET  FCB    $80,$00
531:			:	***********************************
532:			:	       END   $8000
533:
534:
535:
536:
537:
538:
